data/delivery-requests.ts(1,24): error TS2307: Cannot find module '@/lib/prisma' or its corresponding type declarations.
data/delivery-requests.ts(3,53): error TS2307: Cannot find module '@/utils/userHelpers' or its corresponding type declarations.
data/stock-reservations.ts(1,24): error TS2307: Cannot find module '@/lib/prisma' or its corresponding type declarations.
data/stock-reservations.ts(4,56): error TS2307: Cannot find module '@/utils/userHelpers' or its corresponding type declarations.
node_modules/@prisma/client-runtime-utils/dist/index.d.ts(4,5): error TS18028: Private identifiers are only available when targeting ECMAScript 2015 and higher.
node_modules/@prisma/client-runtime-utils/dist/index.d.ts(10,5): error TS18028: Private identifiers are only available when targeting ECMAScript 2015 and higher.
node_modules/@prisma/client-runtime-utils/dist/index.d.ts(316,5): error TS18028: Private identifiers are only available when targeting ECMAScript 2015 and higher.
